\BOOKMARK [1][-]{section.1}{\376\377\305\114\254\340\271\254\311\230\000\040\306\224\305\175}{}% 1
\BOOKMARK [2][-]{subsection.1.1}{\376\377\307\130\300\254\254\260\310\025\000\040\260\230\273\064\000\040\305\114\254\340\271\254\311\230\000\040\254\034\306\224}{section.1}% 2
\BOOKMARK [2][-]{subsection.1.2}{\376\377\310\004\314\264\000\040\302\034\301\034\263\304}{section.1}% 3
\BOOKMARK [2][-]{subsection.1.3}{\376\377\325\165\302\354\000\040\307\220\270\314\000\040\327\120\271\204}{section.1}% 4
\BOOKMARK [1][-]{section.2}{\376\377\254\001\000\040\325\150\302\030\274\304\000\040\317\124\264\334\000\040\300\301\301\070\000\040\301\044\272\205}{}% 5
\BOOKMARK [2][-]{subsection.2.1}{\376\377\000r\000e\000a\000d\000\137\000d\000a\000t\000a\000\050\000f\000i\000l\000e\000\137\000p\000a\000t\000h\000\051\000\040\040\024\000\040\263\160\307\164\321\060\000\040\323\014\302\361}{section.2}% 6
\BOOKMARK [2][-]{subsection.2.2}{\376\377\000e\000n\000t\000r\000o\000p\000y\000\050\000d\000a\000t\000a\000,\000\040\000t\000a\000r\000g\000e\000t\000\051\000\040\040\024\000\040\305\324\322\270\270\134\325\074\000\040\000H\000\050\000S\000\051\000\040\254\304\300\260}{section.2}% 7
\BOOKMARK [2][-]{subsection.2.3}{\376\377\000i\000n\000f\000o\000r\000m\000a\000t\000i\000o\000n\000\137\000g\000a\000i\000n\000\050\000\051\000,\000\040\000s\000p\000l\000i\000t\000\137\000i\000n\000f\000o\000\050\000\051\000,\000\040\000g\000a\000i\000n\000\137\000r\000a\000t\000i\000o\000\050\000\051\000\040\040\024\000\040\275\204\325\140\000\040\314\231\263\304}{section.2}% 8
\BOOKMARK [2][-]{subsection.2.4}{\376\377\000s\000e\000l\000e\000c\000t\000\137\000b\000e\000s\000t\000\137\000a\000t\000t\000r\000i\000b\000u\000t\000e\000\050\000d\000a\000t\000a\000,\000\040\000a\000t\000t\000r\000i\000b\000u\000t\000e\000s\000,\000\040\000t\000a\000r\000g\000e\000t\000\051\000\040\040\024\000\040\315\134\310\001\000\040\301\215\301\061\000\040\301\040\320\335}{section.2}% 9
\BOOKMARK [2][-]{subsection.2.5}{\376\377\000b\000u\000i\000l\000d\000\137\000t\000r\000e\000e\000\050\000d\000a\000t\000a\000,\000\040\000a\000t\000t\000r\000i\000b\000u\000t\000e\000s\000,\000\040\000t\000a\000r\000g\000e\000t\000\051\000\040\040\024\000\040\322\270\271\254\000\040\255\154\315\225\000\040\000\050\307\254\255\300\000\051}{section.2}% 10
\BOOKMARK [2][-]{subsection.2.6}{\376\377\000p\000r\000e\000d\000i\000c\000t\000\137\000o\000n\000e\000\050\000t\000r\000e\000e\000,\000\040\000r\000o\000w\000,\000\040\000d\000e\000f\000a\000u\000l\000t\000\137\000l\000a\000b\000e\000l\000\051\000\040\040\024\000\040\262\350\307\174\000\040\325\211\000\040\306\010\316\041}{section.2}% 11
\BOOKMARK [2][-]{subsection.2.7}{\376\377\000p\000r\000e\000d\000i\000c\000t\000\137\000a\000l\000l\000\050\000\051\000\040\274\017\000\040\000w\000r\000i\000t\000e\000\137\000r\000e\000s\000u\000l\000t\000\050\000\051\000\040\040\024\000\040\306\010\316\041\000\040\274\017\000\040\254\260\254\374\000\040\315\234\270\045}{section.2}% 12
\BOOKMARK [1][-]{section.3}{\376\377\301\214\302\244\000\040\317\124\264\334\000\040\316\364\323\014\307\174\000\040\274\017\000\040\302\344\325\211\000\040\274\051\274\225}{}% 13
\BOOKMARK [2][-]{subsection.3.1}{\376\377\302\344\325\211\000\040\326\130\254\275}{section.3}% 14
\BOOKMARK [2][-]{subsection.3.2}{\376\377\302\344\325\211\000\040\272\205\270\071\305\264}{section.3}% 15
\BOOKMARK [2][-]{subsection.3.3}{\376\377\302\344\325\211\000\040\306\010\302\334}{section.3}% 16
\BOOKMARK [2][-]{subsection.3.4}{\376\377\323\014\307\174\000\040\255\154\310\160}{section.3}% 17
\BOOKMARK [2][-]{subsection.3.5}{\376\377\302\344\325\211\000\040\326\124\272\164}{section.3}% 18
\BOOKMARK [1][-]{section.4}{\376\377\254\034\274\034\000\040\254\374\310\025\000\040\274\017\000\040\301\044\254\304\000\040\254\260\310\025\000\040\300\301\301\070\000\040\256\060\270\135}{}% 19
\BOOKMARK [2][-]{subsection.4.1}{\376\377\263\160\307\164\321\060\000\040\310\021\255\374\000\040\274\051\302\335\000:\000\040\307\170\263\161\302\244\000\040\000\040\307\164\271\204}{section.4}% 20
\BOOKMARK [2][-]{subsection.4.2}{\376\377\305\360\301\215\326\025\314\230\267\374\000\040\274\364\307\164\262\224\000\040\254\022\307\130\000\040\314\230\271\254\000:\000\040\307\204\254\304\254\022\000\040\254\304\300\260\000\040\275\210\325\104\306\224}{section.4}% 21
\BOOKMARK [2][-]{subsection.4.3}{\376\377\322\270\271\254\000\040\261\170\264\334\000\040\324\134\326\004\000:\000\040\000N\000o\000d\000e\000\040\320\164\267\230\302\244\000\040\000\040\311\021\314\251\000\040\265\025\301\124\261\010\271\254}{section.4}% 22
\BOOKMARK [2][-]{subsection.4.4}{\376\377\275\204\325\140\000\040\256\060\311\000\000\040\276\104\255\120\000\040\302\344\325\330}{section.4}% 23
\BOOKMARK [1][-]{section.5}{\376\377\321\114\302\244\322\270\000\040\254\260\254\374}{}% 24
\BOOKMARK [2][-]{subsection.5.1}{\376\377\301\214\255\334\272\250\000\040\263\160\307\164\321\060\301\113\000\040\000\050\000b\000u\000y\000s\000\137\000c\000o\000m\000p\000u\000t\000e\000r\000\051}{section.5}% 25
\BOOKMARK [2][-]{subsection.5.2}{\376\377\263\000\255\334\272\250\000\040\263\160\307\164\321\060\301\113\000\040\000\050\000c\000a\000r\000\137\000e\000v\000a\000l\000u\000a\000t\000i\000o\000n\000\051}{section.5}% 26
\BOOKMARK [2][-]{subsection.5.3}{\376\377\274\224\306\251\301\061\000\040\254\200\311\235}{section.5}% 27
