\BOOKMARK [1][-]{section.1}{\376\377\254\374\310\034\000\040\325\165\302\354\000\040\306\224\255\154\300\254\325\155\000\040\306\224\305\175}{}% 1
\BOOKMARK [1][-]{section.2}{\376\377\307\205\315\234\270\045\000\040\263\160\307\164\321\060\000\040\326\025\320\334\000\040\275\204\301\035}{}% 2
\BOOKMARK [1][-]{section.3}{\376\377\325\165\302\354\000\040\305\114\254\340\271\254\311\230\000\040\000\050\305\360\301\215\326\025\000\040\274\300\302\030\000\040\314\230\271\254\000\040\255\000\270\050\000\051}{}% 3
\BOOKMARK [1][-]{section.4}{\376\377\254\340\256\011\000\040\275\204\325\140\000\040\310\004\267\265\000\040\000\050\263\331\310\020\000\040\274\017\000\040\000B\000i\000a\000s\000\040\314\230\271\254\000\040\270\134\311\301\000\051}{}% 4
\BOOKMARK [1][-]{section.5}{\376\377\255\154\326\004\000\040\306\104\270\314\000\040\040\024\000\040\254\001\000\040\325\150\302\030\274\304\000\040\301\044\254\304\000\040\314\240\325\131\000\040\274\017\000\040\000P\000y\000t\000h\000o\000n\000\040\256\060\262\245\000\040\301\040\320\335\000\040\255\374\254\160}{}% 5
\BOOKMARK [2][-]{subsection.5.1}{\376\377\310\004\314\264\000\040\325\004\270\134\255\370\267\250\000\040\255\154\310\160\000\040\000\050\323\014\307\164\325\004\267\174\307\170\000\051}{section.5}% 6
\BOOKMARK [2][-]{subsection.5.2}{\376\377\000r\000e\000a\000d\000\137\000d\000a\000t\000a\000\050\000\051\000\040\040\024\000\040\263\160\307\164\321\060\000\040\323\014\302\361\307\130\000\040\325\165\302\354\000\040\301\044\254\304}{section.5}% 7
\BOOKMARK [2][-]{subsection.5.3}{\376\377\000e\000n\000t\000r\000o\000p\000y\000\050\000\051\000\040\040\024\000\040\305\324\322\270\270\134\325\074\000\040\254\304\300\260}{section.5}% 8
\BOOKMARK [2][-]{subsection.5.4}{\376\377\000i\000n\000f\000o\000r\000m\000a\000t\000i\000o\000n\000\137\000g\000a\000i\000n\000\050\000\051\000\040\040\024\000\040\310\025\274\364\000\040\307\164\264\335\000\040\254\304\300\260\307\130\000\040\326\250\307\050\301\061}{section.5}% 9
\BOOKMARK [2][-]{subsection.5.5}{\376\377\000s\000p\000l\000i\000t\000\137\000i\000n\000f\000o\000\050\000\051\000\040\000\046\000\040\000g\000a\000i\000n\000\137\000r\000a\000t\000i\000o\000\050\000\051\000\040\040\024\000\040\274\364\310\160\000\040\275\204\325\140\000\040\314\231\263\304}{section.5}% 10
\BOOKMARK [2][-]{subsection.5.6}{\376\377\000s\000e\000l\000e\000c\000t\000\137\000b\000e\000s\000t\000\137\000a\000t\000t\000r\000i\000b\000u\000t\000e\000\050\000\051\000\040\040\024\000\040\326\074\325\151\000\050\000H\000y\000b\000r\000i\000d\000\051\000\040\310\004\267\265\000\040\255\154\326\004}{section.5}% 11
\BOOKMARK [2][-]{subsection.5.7}{\376\377\000b\000u\000i\000l\000d\000\137\000t\000r\000e\000e\000\050\000\051\000\040\040\024\000\040\322\270\271\254\271\174\000\040\311\021\314\251\000\040\265\025\301\124\261\010\271\254\000\050\000n\000e\000s\000t\000e\000d\000\040\000d\000i\000c\000t\000\051\270\134\000\040\324\134\326\004}{section.5}% 12
\BOOKMARK [2][-]{subsection.5.8}{\376\377\000p\000r\000e\000d\000i\000c\000t\000\137\000o\000n\000e\000\050\000\051\000\040\040\024\000\040\320\300\307\205\000\040\256\060\274\030\000\040\261\170\264\334\000\040\255\154\275\204}{section.5}% 13
\BOOKMARK [2][-]{subsection.5.9}{\376\377\000p\000r\000e\000d\000i\000c\000t\000\137\000a\000l\000l\000\050\000\051\000\040\040\024\000\040\271\254\302\244\322\270\000\040\316\364\325\004\271\254\325\350\301\130\307\130\000\040\326\134\306\251}{section.5}% 14
\BOOKMARK [1][-]{section.6}{\376\377\0001\314\050\000\040\321\114\302\244\322\270\000\040\254\260\254\374}{}% 15
\BOOKMARK [2][-]{subsection.6.1}{\376\377\301\214\255\334\272\250\000\040\263\160\307\164\321\060\301\113\000\040\000\050\000b\000u\000y\000s\000\137\000c\000o\000m\000p\000u\000t\000e\000r\000\051}{section.6}% 16
\BOOKMARK [2][-]{subsection.6.2}{\376\377\263\000\255\334\272\250\000\040\263\160\307\164\321\060\301\113\000\040\000\050\000c\000a\000r\000\137\000e\000v\000a\000l\000u\000a\000t\000i\000o\000n\000\051}{section.6}% 17
\BOOKMARK [2][-]{subsection.6.3}{\376\377\274\224\306\251\301\061\000\040\254\200\311\235}{section.6}% 18
\BOOKMARK [1][-]{section.7}{\376\377\275\204\325\140\000\040\256\060\311\000\000\040\276\104\255\120\000\040\302\344\325\330\000\040\000\050\000A\000\040\000/\000\040\000B\000\040\000/\000\040\000C\000\051}{}% 19
\BOOKMARK [2][-]{subsection.7.1}{\376\377\302\344\325\330\000\040\274\060\254\275}{section.7}% 20
\BOOKMARK [2][-]{subsection.7.2}{\376\377\302\344\325\330\274\304\000\040\274\300\254\275\000\040\260\264\306\251}{section.7}% 21
\BOOKMARK [1][-]{section.8}{\376\377\310\025\274\000\000\040\307\254\254\200\311\235\000\040\040\024\000\040\262\350\307\174\000\040\302\244\320\154\271\275\322\270\000\040\263\331\302\334\000\040\276\104\255\120}{}% 22
\BOOKMARK [2][-]{subsection.8.1}{\376\377\307\254\254\200\311\235\000\040\274\060\254\275}{section.8}% 23
\BOOKMARK [2][-]{subsection.8.2}{\376\377\307\254\254\200\311\235\000\040\274\051\274\225}{section.8}% 24
\BOOKMARK [2][-]{subsection.8.3}{\376\377\307\254\254\200\311\235\000\040\254\260\254\374}{section.8}% 25
\BOOKMARK [1][-]{section.9}{\376\377\310\004\314\264\000\040\302\344\325\330\000\040\310\205\325\151\000\040\276\104\255\120}{}% 26
\BOOKMARK [2][-]{subsection.9.1}{\376\377\310\205\325\151\000\040\275\204\301\035\000\040\040\024\000\040\306\134\000\040\0004\254\000\311\300\000\040\310\004\267\265\307\164\000\040\272\250\264\120\000\040\263\331\307\174\325\134\000\040\254\260\254\374\271\174\000\040\260\264\262\224\254\000\000?}{section.9}% 27
\BOOKMARK [2][-]{subsection.9.2}{\376\377\315\134\310\205\000\040\254\260\270\140}{section.9}% 28
\BOOKMARK [1][-]{section.10}{\376\377\316\364\323\014\307\174\000\040\274\017\000\040\302\344\325\211\000\040\311\300\316\150}{}% 29
