\BOOKMARK [1][-]{section.1}{\376\377\305\114\254\340\271\254\311\230\000\040\306\224\305\175}{}% 1
\BOOKMARK [2][-]{subsection.1.1}{\376\377\000D\000B\000S\000C\000A\000N\000\040\305\114\254\340\271\254\311\230\000\040\254\034\306\224}{section.1}% 2
\BOOKMARK [2][-]{subsection.1.2}{\376\377\310\004\314\264\000\040\302\034\301\034\263\304}{section.1}% 3
\BOOKMARK [2][-]{subsection.1.3}{\376\377\325\165\302\354\000\040\307\220\270\314\255\154\310\160}{section.1}% 4
\BOOKMARK [1][-]{section.2}{\376\377\254\001\000\040\325\150\302\030\274\304\000\040\317\124\264\334\000\040\300\301\301\070\000\040\301\044\272\205}{}% 5
\BOOKMARK [2][-]{subsection.2.1}{\376\377\000r\000e\000a\000d\000\137\000d\000a\000t\000a\000\050\000f\000i\000l\000e\000\137\000p\000a\000t\000h\000\051\000\040\040\024\000\040\263\160\307\164\321\060\000\040\323\014\302\361}{section.2}% 6
\BOOKMARK [2][-]{subsection.2.2}{\376\377\000r\000e\000g\000i\000o\000n\000\137\000q\000u\000e\000r\000y\000\137\000b\000r\000u\000t\000e\000\050\000p\000o\000i\000n\000t\000s\000,\000\040\000i\000,\000\040\000e\000p\000s\000\137\000s\000q\000\051\000\040\040\024\000\040\262\350\302\034\000\040\306\001\305\355\000\040\311\310\307\130}{section.2}% 7
\BOOKMARK [2][-]{subsection.2.3}{\376\377\000b\000u\000i\000l\000d\000\137\000k\000d\000t\000r\000e\000e\000\050\000\051\000\040\000\046\000\040\000\137\000k\000d\000t\000r\000e\000e\000\137\000r\000a\000d\000i\000u\000s\000\050\000\051\000\040\040\024\000\040\000K\000D\000-\000t\000r\000e\000e\000\040\254\000\301\215}{section.2}% 8
\BOOKMARK [2][-]{subsection.2.4}{\376\377\000d\000b\000s\000c\000a\000n\000\050\000p\000o\000i\000n\000t\000s\000,\000\040\000e\000p\000s\000,\000\040\000m\000i\000n\000\137\000p\000t\000s\000,\000\040\000u\000s\000e\000\137\000k\000d\000t\000r\000e\000e\000,\000\040\000o\000r\000d\000e\000r\000\051\000\040\040\024\000\040\000D\000B\000S\000C\000A\000N\000\040\274\370\314\264}{section.2}% 9
\BOOKMARK [2][-]{subsection.2.5}{\376\377\000s\000e\000l\000e\000c\000t\000\137\000t\000o\000p\000\137\000n\000\137\000c\000l\000u\000s\000t\000e\000r\000s\000\050\000l\000a\000b\000e\000l\000s\000,\000\040\000n\000u\000m\000\137\000c\000l\000u\000s\000t\000e\000r\000s\000,\000\040\000n\000\051\000\040\040\024\000\040\254\034\302\030\000\040\254\025\310\034\000\040\326\304\314\230\271\254}{section.2}% 10
\BOOKMARK [2][-]{subsection.2.6}{\376\377\000w\000r\000i\000t\000e\000\137\000c\000l\000u\000s\000t\000e\000r\000s\000\050\000i\000n\000p\000u\000t\000\137\000p\000a\000t\000h\000,\000\040\000p\000o\000i\000n\000t\000s\000,\000\040\000n\000e\000w\000\137\000l\000a\000b\000e\000l\000s\000,\000\040\000n\000u\000m\000\137\000k\000e\000p\000t\000,\000\040\000r\000e\000q\000u\000e\000s\000t\000e\000d\000\137\000n\000\051\000\040\040\024\000\040\315\234\270\045}{section.2}% 11
\BOOKMARK [1][-]{section.3}{\376\377\301\214\302\244\000\040\317\124\264\334\000\040\316\364\323\014\307\174\000\040\274\017\000\040\302\344\325\211\000\040\274\051\274\225}{}% 12
\BOOKMARK [2][-]{subsection.3.1}{\376\377\302\344\325\211\000\040\326\130\254\275}{section.3}% 13
\BOOKMARK [2][-]{subsection.3.2}{\376\377\302\344\325\211\000\040\272\205\270\071\305\264}{section.3}% 14
\BOOKMARK [2][-]{subsection.3.3}{\376\377\302\344\325\211\000\040\306\010\302\334}{section.3}% 15
\BOOKMARK [2][-]{subsection.3.4}{\376\377\323\014\307\174\000\040\255\154\310\160}{section.3}% 16
\BOOKMARK [2][-]{subsection.3.5}{\376\377\302\344\325\211\000\040\326\124\272\164}{section.3}% 17
\BOOKMARK [1][-]{section.4}{\376\377\254\034\274\034\000\040\254\374\310\025\000\040\274\017\000\040\301\044\254\304\000\040\254\260\310\025\000\040\300\301\301\070\000\040\256\060\270\135}{}% 18
\BOOKMARK [2][-]{subsection.4.1}{\376\377\307\220\270\314\255\154\310\160\000\040\254\260\310\025\000:\000\040\000d\000i\000c\000t\000\040\000p\000e\000r\000\040\000p\000o\000i\000n\000t\000\040\000v\000s\000\040\274\321\270\054\000\040\274\060\305\364}{section.4}% 19
\BOOKMARK [2][-]{subsection.4.2}{\376\377\000C\000o\000r\000e\000\040\000/\000\040\000B\000o\000r\000d\000e\000r\000\040\000/\000\040\000N\000o\000i\000s\000e\000\040\275\204\271\130\000\040\274\051\302\335\000:\000\040\274\304\263\304\000\040\267\174\274\250\000\040\000v\000s\000\040\305\114\254\340\271\254\311\230\305\320\000\040\327\141\302\030}{section.4}% 20
\BOOKMARK [2][-]{subsection.4.3}{\376\377\000K\000D\000-\000t\000r\000e\000e\000\040\000v\000s\000\040\000B\000r\000u\000t\000e\000-\000f\000o\000r\000c\000e\000:\000\040\254\260\254\374\000\040\263\331\307\174\301\061\254\374\000\040\301\215\263\304\000\040\276\104\255\120}{section.4}% 21
\BOOKMARK [2][-]{subsection.4.4}{\376\377\306\170\275\200\000\040\270\350\325\004\000\040\274\051\273\070\000\040\302\034\301\034\254\000\000\040\310\020\302\030\305\320\000\040\310\374\262\224\000\040\306\001\325\245}{section.4}% 22
\BOOKMARK [2][-]{subsection.4.5}{\376\377\315\234\270\045\000\040\323\014\307\174\000\040\254\034\302\030\000\040\274\364\326\070\000:\000\040\000m\000\040\000<\000\040\000n\000\040\317\124\261\010\000\040\317\000\307\164\302\244\000\040\263\000\307\121}{section.4}% 23
\BOOKMARK [1][-]{section.5}{\376\377\321\114\302\244\322\270\000\040\254\260\254\374}{}% 24
\BOOKMARK [2][-]{subsection.5.1}{\376\377\301\070\000\040\263\160\307\164\321\060\301\113\000\040\314\104\310\020\000\040\254\260\254\374}{section.5}% 25
\BOOKMARK [2][-]{subsection.5.2}{\376\377\254\200\311\235\000\040\325\155\272\251}{section.5}% 26
\BOOKMARK [2][-]{subsection.5.3}{\376\377\325\134\254\304\000\040\274\017\000\040\325\164\301\035}{section.5}% 27
